Traceback (most recent call last):
  File "/opt/hostedtoolcache/Python/3.11.16/x64/lib/python3.11/site-packages/jupyter_cache/executors/utils.py", line 58, in single_nb_execution
    executenb(
  File "/opt/hostedtoolcache/Python/3.11.16/x64/lib/python3.11/site-packages/nbclient/client.py", line 1323, in execute
    return NotebookClient(nb=nb, resources=resources, km=km, **kwargs).execute()
           ^^^^^^^^^^^^^^^^^^^^^^^^^^^^^^^^^^^^^^^^^^^^^^^^^^^^^^^^^^^^^^^^^^^^^
  File "/opt/hostedtoolcache/Python/3.11.16/x64/lib/python3.11/site-packages/jupyter_core/utils/__init__.py", line 165, in wrapped
    return loop.run_until_complete(inner)
           ^^^^^^^^^^^^^^^^^^^^^^^^^^^^^^
  File "/opt/hostedtoolcache/Python/3.11.16/x64/lib/python3.11/asyncio/base_events.py", line 654, in run_until_complete
    return future.result()
           ^^^^^^^^^^^^^^^
  File "/opt/hostedtoolcache/Python/3.11.16/x64/lib/python3.11/site-packages/nbclient/client.py", line 709, in async_execute
    await self.async_execute_cell(
  File "/opt/hostedtoolcache/Python/3.11.16/x64/lib/python3.11/site-packages/nbclient/client.py", line 1062, in async_execute_cell
    await self._check_raise_for_error(cell, cell_index, exec_reply)
  File "/opt/hostedtoolcache/Python/3.11.16/x64/lib/python3.11/site-packages/nbclient/client.py", line 918, in _check_raise_for_error
    raise CellExecutionError.from_cell_and_msg(cell, exec_reply_content)
nbclient.exceptions.CellExecutionError: An error occurred while executing the following cell:
------------------
# mini-check
for x, m_true, e_true in [[6.02e23, 6.02, 23], [0.00042, 4.2, -4], [-1500.0, -1.5, 3]]:
    m, e = sci(x)
    assert e == e_true and abs(m - m_true) < 1e-12, [x, m, e]
    print(f"{x} = {m} x 10^{e}")
print("OK")
------------------


[31m---------------------------------------------------------------------------[39m
[31mTypeError[39m                                 Traceback (most recent call last)
[36mCell[39m[36m [39m[32mIn[4][39m[32m, line 3[39m
[32m      1[39m [38;5;66;03m# mini-check[39;00m
[32m      2[39m [38;5;28;01mfor[39;00m x, m_true, e_true [38;5;28;01min[39;00m [[[32m6.02e23[39m, [32m6.02[39m, [32m23[39m], [[32m0.00042[39m, [32m4.2[39m, -[32m4[39m], [-[32m1500.0[39m, -[32m1.5[39m, [32m3[39m]]:
[32m----> [39m[32m3[39m     m, e = sci(x)
[32m      4[39m     [38;5;28;01massert[39;00m e == e_true [38;5;28;01mand[39;00m abs(m - m_true) < [32m1e-12[39m, [x, m, e]
[32m      5[39m     print([33mf"{x} = {m} x 10^{e}"[39m)
[32m      6[39m print([33m"OK"[39m)

[31mTypeError[39m: cannot unpack non-iterable NoneType object

